2026-08-29 15:50:36.638 Uvicorn server started on 127.0.0.1:8501
2026-08-29 22:18:01.902 Uncaught app execution
Traceback (most recent call last):
  File "C:\Users\10157\AppData\Local\Programs\Python\Python310\lib\site-packages\streamlit\runtime\scriptrunner\exec_code.py", line 136, in exec_func_with_error_handling
    result = func()
  File "C:\Users\10157\AppData\Local\Programs\Python\Python310\lib\site-packages\streamlit\runtime\scriptrunner\script_runner.py", line 816, in code_to_exec
    exec(code, module.__dict__)  # noqa: S102
  File "D:\workspace\stock-selection-model\app.py", line 28, in <module>
    from stock_model.metadata import (
ImportError: cannot import name 'apply_historical_universe' from 'stock_model.metadata' (D:\workspace\stock-selection-model\stock_model\metadata.py)
2026-08-29 22:18:16.674 Uncaught app execution
Traceback (most recent call last):
  File "C:\Users\10157\AppData\Local\Programs\Python\Python310\lib\site-packages\streamlit\runtime\scriptrunner\exec_code.py", line 136, in exec_func_with_error_handling
    result = func()
  File "C:\Users\10157\AppData\Local\Programs\Python\Python310\lib\site-packages\streamlit\runtime\scriptrunner\script_runner.py", line 816, in code_to_exec
    exec(code, module.__dict__)  # noqa: S102
  File "D:\workspace\stock-selection-model\app.py", line 28, in <module>
    from stock_model.metadata import (
ImportError: cannot import name 'apply_historical_universe' from 'stock_model.metadata' (D:\workspace\stock-selection-model\stock_model\metadata.py)
2026-08-29 22:19:03.125 Uncaught app execution
Traceback (most recent call last):
  File "C:\Users\10157\AppData\Local\Programs\Python\Python310\lib\site-packages\streamlit\runtime\scriptrunner\exec_code.py", line 136, in exec_func_with_error_handling
    result = func()
  File "C:\Users\10157\AppData\Local\Programs\Python\Python310\lib\site-packages\streamlit\runtime\scriptrunner\script_runner.py", line 816, in code_to_exec
    exec(code, module.__dict__)  # noqa: S102
  File "D:\workspace\stock-selection-model\app.py", line 28, in <module>
    from stock_model.metadata import (
ImportError: cannot import name 'apply_historical_universe' from 'stock_model.metadata' (D:\workspace\stock-selection-model\stock_model\metadata.py)
2026-08-29 22:19:07.390 Uncaught app execution
Traceback (most recent call last):
  File "C:\Users\10157\AppData\Local\Programs\Python\Python310\lib\site-packages\streamlit\runtime\scriptrunner\exec_code.py", line 136, in exec_func_with_error_handling
    result = func()
  File "C:\Users\10157\AppData\Local\Programs\Python\Python310\lib\site-packages\streamlit\runtime\scriptrunner\script_runner.py", line 816, in code_to_exec
    exec(code, module.__dict__)  # noqa: S102
  File "D:\workspace\stock-selection-model\app.py", line 28, in <module>
    from stock_model.metadata import (
ImportError: cannot import name 'apply_historical_universe' from 'stock_model.metadata' (D:\workspace\stock-selection-model\stock_model\metadata.py)
2026-08-29 22:19:11.724 Uncaught app execution
Traceback (most recent call last):
  File "C:\Users\10157\AppData\Local\Programs\Python\Python310\lib\site-packages\streamlit\runtime\scriptrunner\exec_code.py", line 136, in exec_func_with_error_handling
    result = func()
  File "C:\Users\10157\AppData\Local\Programs\Python\Python310\lib\site-packages\streamlit\runtime\scriptrunner\script_runner.py", line 816, in code_to_exec
    exec(code, module.__dict__)  # noqa: S102
  File "D:\workspace\stock-selection-model\app.py", line 28, in <module>
    from stock_model.metadata import (
ImportError: cannot import name 'apply_historical_universe' from 'stock_model.metadata' (D:\workspace\stock-selection-model\stock_model\metadata.py)
